---
source: tests/snapshots.rs
assertion_line: 9
expression: "render(42, 0)"
snapshot_kind: text
---
"                                              H1  Home T0   0 - 0   Away T0                                             "
"                                                                                  │Proc: CoinToss                       "
"                                                                                  │To act: Away                         "
"                                                                                  │                                     "
"                                                                                  │Actions:                             "
"                                                                                  │  Heads                              "
"                                                                                  │  Tails                              "
"                                                                                  │                                     "
"                                                                                  │                                     "
"                                                                                  │                                     "
"                                                                                  │                                     "
"                                                                                  │                                     "
"                                                                                  │                                     "
"                                                                                  │                                     "
"                                                                                  │                                     "
"                                                                                  │                                     "
"               T                                                 T                │                                     "
"               O                                                 O                │                                     "
"               U                                                 U                │                                     "
"               C                                                 C                │                                     "
"               H                                                 H                │                                     "
"               D                                                 D                │                                     "
"               O                                                 O                │                                     "
"               W                                                 W                │                                     "
"               N                                                 N                │                                     "
"                                                                                  │                                     "
"                                                                                  │                                     "
"                                                                                  │                                     "
"                                                                                  │                                     "
"                                                                                  │                                     "
"                                                                                  │                                     "
"                                                                                  │                                     "
"                                                                                  │                                     "
"                                                                                  │                                     "
"                                                                                  │                                     "
"                                                                                  │                                     "
"                                                                                  │                                     "
"                                                                                  │                                     "
"                                                                                  │                                     "
"                                                                                  │                                     "
