---
source: botbowl-ui/tests/snapshots.rs
assertion_line: 14
expression: "render(42, 50)"
---
"                                              H1  Home T2   0 - 0   Away T2                                             "
"                                                                                  │Proc: BlockAction                    "
"                                                                                  │To act: Home                         "
"                                                                                  │                                     "
"                                                                                  │Actions:                             "
"                                                                                  │  Block (13,10)                      "
"                                                                                  │  Block (13,9)                       "
"                                                                                  │  EndPlayerTurn                      "
"                                                                                  │                                     "
"                                                                                  │                                     "
"                                                                                  │                                     "
"                                                                                  │                                     "
"                                                                                  │                                     "
"                                                                                  │                                     "
"                                                 ☺-                               │                                     "
"                                       ☺-                                         │                                     "
"               T                           --                    T                │                                     "
"               O                     --☺-            ☺-          O                │                                     "
"               U           ☺-            ☺-  ☺-                  U                │                                     "
"               C       ☺-                ☺-                      C                │                                     "
"               H                         ☺-                      H                │                                     "
"               D                       ☺-☺-                      D                │                                     "
"               O                       ☺-☺-                      O                │                                     "
"               W           ☺-            ☺-          ☺-          W                │                                     "
"               N             ⠐                                   N                │                                     "
"                         ☺-☺-                                                     │                                     "
"                                                                                  │                                     "
"                               ☺-                                                 │                                     "
"                                                                                  │                                     "
"                                                                                  │                                     "
"                                                                                  │                                     "
"                                                                                  │                                     "
"                                                                                  │                                     "
"                                                                                  │                                     "
"                                                                                  │                                     "
"                                                                                  │                                     "
"                                                                                  │                                     "
"                                                                                  │                                     "
"                                                                                  │                                     "
"                                                                                  │                                     "
