---
source: botbowl-ui/tests/snapshots.rs
expression: "render(42, 50)"
---
"                                              H1  Home T1   0 - 0   Away T2                                             "
"                                                                                  │Proc: Block                          "
"                                                                                  │To act: Away                         "
"                                                                                  │                                     "
"                                                                                  │Actions:                             "
"                                                                                  │  SelectPow                          "
"                                                                                  │                                     "
"                                                                                  │                                     "
"                                                                                  │                                     "
"                                                                                  │                                     "
"                                                                                  │                                     "
"                                                                                  │                                     "
"                                                                                  │                                     "
"                                                                                  │                                     "
"                 ☺-                      ☺-                                       │                                     "
"                                                                                  │                                     "
"               T                     ☺-          ☺-  ☺-          T                │                                     "
"               O                               ☺-                O                │                                     "
"               U                       ☺-            ☺-          U                │                                     "
"               C             ☺-    ☺-  ☺-☺-                      C                │                                     "
"               H                                                 H                │                                     "
"               D         ☺-                            ☺-        D                │                                     "
"               O                         ☺-                      O                │                                     "
"               W               ☺-        ☺-              ☺-      W                │                                     "
"               N             ☺-                                  N                │                                     "
"                           ⠐           ☺-                                         │                                     "
"                                       --                                         │                                     "
"                                       ☺-                                         │                                     "
"                                                                                  │                                     "
"                                                                                  │                                     "
"                                                                                  │                                     "
"                                                                                  │                                     "
"                                                                                  │                                     "
"                                                                                  │                                     "
"                                                                                  │                                     "
"                                                                                  │                                     "
"                                                                                  │                                     "
"                                                                                  │                                     "
"                                                                                  │                                     "
"                                                                                  │                                     "
