---
source: tests/snapshots.rs
assertion_line: 14
expression: "render(42, 50)"
snapshot_kind: text
---
"                                              H1  Home T0   0 - 0   Away T1                                             "
"                                                                                  │Proc: Half                           "
"                                                                                  │To act: -                            "
"                                                                                  │                                     "
"                                                                                  │Actions:                             "
"                                                                                  │  (none)                             "
"                                                                                  │                                     "
"                                                                                  │                                     "
"                                                                                  │                                     "
"                                                                                  │                                     "
"                                                                                  │                                     "
"                                                                                  │                                     "
"                                                                                  │                                     "
"                                                                                  │                                     "
"                                                                                  │                                     "
"                                                                                  │                                     "
"               T                                                 T                │                                     "
"               O           ☺-        --☺-☺-          ☺-          O                │                                     "
"               U           ☺-      ☺-    ☺-  ☺-                  U                │                                     "
"               C                       ☺-☺-                      C                │                                     "
"               H                       ☺-☺-                      H                │                                     "
"               D                       ☺-☺-                      D                │                                     "
"               O                   ☺-  ☺-☺-  ☺-                  O                │                                     "
"               W           ☺-            ☺-          ☺-          W                │                                     "
"               N             ⠐                                   N                │                                     "
"                                                                                  │                                     "
"                                                                                  │                                     "
"                                                                                  │                                     "
"                                                                                  │                                     "
"                                                                                  │                                     "
"                                                                                  │                                     "
"                                                                                  │                                     "
"                                                                                  │                                     "
"                                                                                  │                                     "
"                                                                                  │                                     "
"                                                                                  │                                     "
"                                                                                  │                                     "
"                                                                                  │                                     "
"                                                                                  │                                     "
"                                                                                  │                                     "
