---
source: botbowl-ui/tests/snapshots.rs
assertion_line: 19
expression: "render(42, 500)"
---
"                                              H2  Home T8   0 - 0   Away T8                                             "
"                                                                                  │Proc: GameOver                       "
"                                                                                  │To act: Home                         "
"                                                                                  │                                     "
"                                                                                  │Actions:                             "
"                                                                                  │  DontUseReroll                      "
"                                                                                  │  EndSetup                           "
"                                                                                  │                                     "
"                                                                                  │                                     "
"                                                                                  │                                     "
"                                                                                  │                                     "
"                                                                                  │                                     "
"                                                                                  │                                     "
"                                                                                  │                                     "
"                                                                                  │                                     "
"                                     ☺-        --                                 │                                     "
"               T                                                 T                │                                     "
"               O                       --                        O                │                                     "
"               U         ☺-              ☺-        ☺-            U                │                                     "
"               C                     --                          C                │                                     "
"               H   ☺-                                ☺-          H                │                                     "
"               D                             ☺-                  D                │                                     "
"               O           ☺-  ☺-    ☺-  ✧-        ⠐             O                │                                     "
"               W   ☺-                                ☺-☺-        W                │                                     "
"               N   --                              ☺-            N                │                                     "
"                                                                                  │                                     "
"                                                               ☺-                 │                                     "
"                                                                                  │                                     "
"                                                                                  │                                     "
"                                                                                  │                                     "
"                                                                                  │                                     "
"                                                                                  │                                     "
"                                                                                  │                                     "
"                                                                                  │                                     "
"                                                                                  │                                     "
"                                                                                  │                                     "
"                                                                                  │                                     "
"                                                                                  │                                     "
"                                                                                  │                                     "
"                                                                                  │                                     "
