---
source: tests/snapshots.rs
assertion_line: 19
expression: "render(42, 500)"
snapshot_kind: text
---
"                                              H1  Home T6   0 - 0   Away T7                                             "
"                                                                                  │Proc: GfiProc                        "
"                                                                                  │To act: -                            "
"                                                                                  │                                     "
"                                                                                  │Actions:                             "
"                                                                                  │  (none)                             "
"                                                                                  │                                     "
"                                                                                  │                                     "
"                                                                                  │                                     "
"                                                                                  │                                     "
"                                                                                  │                                     "
"                                                                                  │                                     "
"                                                                                  │                                     "
"                       ☺-                                                         │                                     "
"                                                 ☺-      ☺-                       │                                     "
"                                       ☺-                                         │                                     "
"               T                         ✧-                      T                │                                     "
"               O       --                                        O                │                                     "
"               U         ☺-            --                        U                │                                     "
"               C               ☺-        ☺-                      C                │                                     "
"               H               ☺-                                H                │                                     "
"               D             ☺-        ☺-☺-      ☺-              D                │                                     "
"               O ☺-            --        ☺-                      O                │                                     "
"               W                                     ☺-          W                │                                     "
"               N   ☺-        ⠐                                   N                │                                     "
"                                 ☺-      --                                       │                                     "
"                                                                                  │                                     "
"                                                                                  │                                     "
"                                                                                  │                                     "
"                                                                                  │                                     "
"                                                                                  │                                     "
"                                                                                  │                                     "
"                                                                                  │                                     "
"                                                                                  │                                     "
"                                                                                  │                                     "
"                                                                                  │                                     "
"                                                                                  │                                     "
"                                                                                  │                                     "
"                                                                                  │                                     "
"                                                                                  │                                     "
